// Jest Snapshot v1, https://goo.gl/fbAQLP

exports[`Layout snapshot renders Correctly 1`] = `ShallowWrapper {}`;
